// Jest Snapshot v1, https://goo.gl/fbAQLP

exports[`<CreateAccount/> Shallow render of <CreateAccount/> 1`] = `
ShallowWrapper {
  "length": 1,
  Symbol(enzyme.__root__): [Circular],
  Symbol(enzyme.__unrendered__): <CreateAccount
    location={
        Object {
            "pathname": "/",
          }
    }
    text={Object {}}
/>,
  Symbol(enzyme.__renderer__): Object {
    "batchedUpdates": [Function],
    "getNode": [Function],
    "render": [Function],
    "simulateEvent": [Function],
    "unmount": [Function],
  },
  Symbol(enzyme.__node__): Object {
    "instance": null,
    "key": undefined,
    "nodeType": "host",
    "props": Object {
      "children": Array [
        <styled.div>
          <MapPathToStep
                    currentPath="/"
                    pathToStepMap={
                              Object {
                                        "/create-account": 0,
                                        "/create-account/email-sent": 1,
                                        "/create-account/finished": 3,
                                        "/create-account/input": 2,
                                      }
                    }
                    render={[Function]}
          />
</styled.div>,
        <styled.div />,
      ],
    },
    "ref": null,
    "rendered": Array [
      Object {
        "instance": null,
        "key": undefined,
        "nodeType": "class",
        "props": Object {
          "children": <MapPathToStep
            currentPath="/"
            pathToStepMap={
                        Object {
                                    "/create-account": 0,
                                    "/create-account/email-sent": 1,
                                    "/create-account/finished": 3,
                                    "/create-account/input": 2,
                                  }
            }
            render={[Function]}
/>,
        },
        "ref": null,
        "rendered": Object {
          "instance": null,
          "key": undefined,
          "nodeType": "function",
          "props": Object {
            "currentPath": "/",
            "pathToStepMap": Object {
              "/create-account": 0,
              "/create-account/email-sent": 1,
              "/create-account/finished": 3,
              "/create-account/input": 2,
            },
            "render": [Function],
          },
          "ref": null,
          "rendered": null,
          "type": [Function],
        },
        "type": [Function],
      },
      Object {
        "instance": null,
        "key": undefined,
        "nodeType": "class",
        "props": Object {},
        "ref": null,
        "rendered": null,
        "type": [Function],
      },
    ],
    "type": "div",
  },
  Symbol(enzyme.__nodes__): Array [
    Object {
      "instance": null,
      "key": undefined,
      "nodeType": "host",
      "props": Object {
        "children": Array [
          <styled.div>
            <MapPathToStep
                        currentPath="/"
                        pathToStepMap={
                                    Object {
                                                "/create-account": 0,
                                                "/create-account/email-sent": 1,
                                                "/create-account/finished": 3,
                                                "/create-account/input": 2,
                                              }
                        }
                        render={[Function]}
            />
</styled.div>,
          <styled.div />,
        ],
      },
      "ref": null,
      "rendered": Array [
        Object {
          "instance": null,
          "key": undefined,
          "nodeType": "class",
          "props": Object {
            "children": <MapPathToStep
              currentPath="/"
              pathToStepMap={
                            Object {
                                          "/create-account": 0,
                                          "/create-account/email-sent": 1,
                                          "/create-account/finished": 3,
                                          "/create-account/input": 2,
                                        }
              }
              render={[Function]}
/>,
          },
          "ref": null,
          "rendered": Object {
            "instance": null,
            "key": undefined,
            "nodeType": "function",
            "props": Object {
              "currentPath": "/",
              "pathToStepMap": Object {
                "/create-account": 0,
                "/create-account/email-sent": 1,
                "/create-account/finished": 3,
                "/create-account/input": 2,
              },
              "render": [Function],
            },
            "ref": null,
            "rendered": null,
            "type": [Function],
          },
          "type": [Function],
        },
        Object {
          "instance": null,
          "key": undefined,
          "nodeType": "class",
          "props": Object {},
          "ref": null,
          "rendered": null,
          "type": [Function],
        },
      ],
      "type": "div",
    },
  ],
  Symbol(enzyme.__options__): Object {
    "adapter": ReactSixteenAdapter {
      "options": Object {
        "enableComponentDidUpdateOnSetState": true,
      },
    },
  },
}
`;
